digraph {
	subgraph cluster_0xE03164F7670128E2 {
		A;
		B;
		C;
	}
	subgraph cluster_0x16ED64F540B7C8E2 {
		E;
		F;
	}
	subgraph cluster_0x7DC7E4F4FBEE9CE2 {
		L;
		M;
	}
	A -> B;
	B -> C;
	C -> A;
	D -> E;
	E -> A;
	E -> F;
	F -> C;
	F -> E;
	G -> H;
	H -> I;
	I -> J;
	J -> K;
	K -> L;
	L -> B;
	L -> E;
	L -> M;
	M -> C;
	M -> L;
	T -> W;
	Y -> Z;
}
